// Jest Snapshot v1, https://goo.gl/fbAQLP

exports[`Demo Text Component renders correctly 1`] = `
<Text>
  Hello, Spendee!
</Text>
`;
